========================================== test session starts ==========================================
platform linux -- Python 3.6.8, pytest-7.0.1, pluggy-1.0.0 -- /home/opc/code/rp_1_35/fireup/test/venv/bin/python3
cachedir: .pytest_cache
rootdir: /home/opc/code/rp_1_35/fireup/test
collecting ... collected 66 items

opsefficiency/test_suite_4_1.py::test_review_point PASSED                                         [  1%]
opsefficiency/test_suite_4_2.py::test_review_point PASSED                                         [  3%]
opsefficiency/test_suite_4_4.py::test_review_point PASSED                                         [  4%]
opsefficiency/test_suite_4_5.py::test_review_point PASSED                                         [  6%]
opsefficiency/test_suite_4_6.py::test_review_point PASSED                                         [  7%]
opsefficiency/test_suite_4_7.py::test_review_point PASSED                                         [  9%]
opsefficiency/test_suite_4_8.py::test_review_point PASSED                                         [ 10%]
opsefficiency/test_suite_4_9.py::test_review_point PASSED                                         [ 12%]
performancecost/test_suite_3_1.py::test_review_point PASSED                                       [ 13%]
performancecost/test_suite_3_11.py::test_review_point PASSED                                      [ 15%]
performancecost/test_suite_3_2.py::test_review_point PASSED                                       [ 16%]
performancecost/test_suite_3_3.py::test_review_point PASSED                                       [ 18%]
performancecost/test_suite_3_4.py::test_review_point PASSED                                       [ 19%]
performancecost/test_suite_3_5.py::test_review_point PASSED                                       [ 21%]
performancecost/test_suite_3_6.py::test_review_point PASSED                                       [ 22%]
performancecost/test_suite_3_7.py::test_review_point PASSED                                       [ 24%]
performancecost/test_suite_3_8.py::test_review_point PASSED                                       [ 25%]
performancecost/test_suite_3_9.py::test_review_point PASSED                                       [ 27%]
reliabilityresilience/test_suite_2_1.py::test_review_point PASSED                                 [ 28%]
reliabilityresilience/test_suite_2_10.py::test_review_point PASSED                                [ 30%]
reliabilityresilience/test_suite_2_11.py::test_review_point PASSED                                [ 31%]
reliabilityresilience/test_suite_2_12.py::test_review_point PASSED                                [ 33%]
reliabilityresilience/test_suite_2_13.py::test_review_point PASSED                                [ 34%]
reliabilityresilience/test_suite_2_15.py::test_review_point PASSED                                [ 36%]
reliabilityresilience/test_suite_2_16.py::test_review_point PASSED                                [ 37%]
reliabilityresilience/test_suite_2_2.py::test_review_point PASSED                                 [ 39%]
reliabilityresilience/test_suite_2_3.py::test_review_point PASSED                                 [ 40%]
reliabilityresilience/test_suite_2_4.py::test_review_point PASSED                                 [ 42%]
reliabilityresilience/test_suite_2_5.py::test_review_point PASSED                                 [ 43%]
reliabilityresilience/test_suite_2_6.py::test_review_point PASSED                                 [ 45%]
reliabilityresilience/test_suite_2_7.py::test_review_point PASSED                                 [ 46%]
reliabilityresilience/test_suite_2_9.py::test_review_point PASSED                                 [ 48%]
securitycompliance/test_suite_1_1.py::test_review_point PASSED                                    [ 50%]
securitycompliance/test_suite_1_11.py::test_review_point PASSED                                   [ 51%]
securitycompliance/test_suite_1_12.py::test_review_point PASSED                                   [ 53%]
securitycompliance/test_suite_1_13.py::test_review_point PASSED                                   [ 54%]
securitycompliance/test_suite_1_14.py::test_review_point PASSED                                   [ 56%]
securitycompliance/test_suite_1_15.py::test_review_point PASSED                                   [ 57%]
securitycompliance/test_suite_1_16.py::test_review_point PASSED                                   [ 59%]
securitycompliance/test_suite_1_17.py::test_review_point PASSED                                   [ 60%]
securitycompliance/test_suite_1_18.py::test_review_point PASSED                                   [ 62%]
securitycompliance/test_suite_1_19.py::test_review_point PASSED                                   [ 63%]
securitycompliance/test_suite_1_2.py::test_review_point PASSED                                    [ 65%]
securitycompliance/test_suite_1_20.py::test_review_point PASSED                                   [ 66%]
securitycompliance/test_suite_1_21.py::test_review_point PASSED                                   [ 68%]
securitycompliance/test_suite_1_22.py::test_review_point PASSED                                   [ 69%]
securitycompliance/test_suite_1_23.py::test_review_point PASSED                                   [ 71%]
securitycompliance/test_suite_1_24.py::test_review_point PASSED                                   [ 72%]
securitycompliance/test_suite_1_25.py::test_review_point PASSED                                   [ 74%]
securitycompliance/test_suite_1_26.py::test_review_point PASSED                                   [ 75%]
securitycompliance/test_suite_1_27.py::test_review_point PASSED                                   [ 77%]
securitycompliance/test_suite_1_28.py::test_review_point PASSED                                   [ 78%]
securitycompliance/test_suite_1_29.py::test_review_point PASSED                                   [ 80%]
securitycompliance/test_suite_1_3.py::test_review_point PASSED                                    [ 81%]
securitycompliance/test_suite_1_30.py::test_review_point PASSED                                   [ 83%]
securitycompliance/test_suite_1_31.py::test_review_point PASSED                                   [ 84%]
securitycompliance/test_suite_1_32.py::test_review_point PASSED                                   [ 86%]
securitycompliance/test_suite_1_33.py::test_review_point PASSED                                   [ 87%]
securitycompliance/test_suite_1_34.py::test_review_point PASSED                                   [ 89%]
securitycompliance/test_suite_1_35.py::test_review_point PASSED                                   [ 90%]
securitycompliance/test_suite_1_4.py::test_review_point PASSED                                    [ 92%]
securitycompliance/test_suite_1_5.py::test_review_point PASSED                                    [ 93%]
securitycompliance/test_suite_1_6.py::test_review_point PASSED                                    [ 95%]
securitycompliance/test_suite_1_7.py::test_review_point PASSED                                    [ 96%]
securitycompliance/test_suite_1_8.py::test_review_point PASSED                                    [ 98%]
securitycompliance/test_suite_1_9.py::test_review_point PASSED                                    [100%]

=========================================== slowest durations ===========================================
246.31s call     opsefficiency/test_suite_4_8.py::test_review_point
205.63s call     opsefficiency/test_suite_4_9.py::test_review_point
192.98s call     opsefficiency/test_suite_4_7.py::test_review_point
116.69s call     opsefficiency/test_suite_4_4.py::test_review_point
71.45s call     performancecost/test_suite_3_6.py::test_review_point
60.36s call     securitycompliance/test_suite_1_18.py::test_review_point
57.37s call     securitycompliance/test_suite_1_29.py::test_review_point
56.48s call     reliabilityresilience/test_suite_2_1.py::test_review_point
41.20s call     opsefficiency/test_suite_4_1.py::test_review_point
37.67s call     reliabilityresilience/test_suite_2_12.py::test_review_point
34.63s call     reliabilityresilience/test_suite_2_4.py::test_review_point
33.74s call     reliabilityresilience/test_suite_2_11.py::test_review_point
33.08s call     securitycompliance/test_suite_1_34.py::test_review_point
29.13s call     opsefficiency/test_suite_4_6.py::test_review_point
28.37s call     securitycompliance/test_suite_1_28.py::test_review_point
17.27s call     securitycompliance/test_suite_1_30.py::test_review_point
17.10s call     reliabilityresilience/test_suite_2_15.py::test_review_point
15.85s call     reliabilityresilience/test_suite_2_7.py::test_review_point
15.76s call     securitycompliance/test_suite_1_12.py::test_review_point
15.33s call     performancecost/test_suite_3_5.py::test_review_point
13.82s call     reliabilityresilience/test_suite_2_2.py::test_review_point
13.61s call     performancecost/test_suite_3_4.py::test_review_point
13.03s call     securitycompliance/test_suite_1_26.py::test_review_point
13.00s call     performancecost/test_suite_3_3.py::test_review_point
12.69s call     securitycompliance/test_suite_1_31.py::test_review_point
10.35s call     performancecost/test_suite_3_2.py::test_review_point
8.05s call     securitycompliance/test_suite_1_35.py::test_review_point
7.25s call     securitycompliance/test_suite_1_11.py::test_review_point
6.78s call     reliabilityresilience/test_suite_2_6.py::test_review_point
6.14s call     securitycompliance/test_suite_1_27.py::test_review_point
3.98s call     reliabilityresilience/test_suite_2_13.py::test_review_point
3.59s call     securitycompliance/test_suite_1_19.py::test_review_point
3.29s call     securitycompliance/test_suite_1_6.py::test_review_point
2.74s call     performancecost/test_suite_3_1.py::test_review_point
2.54s call     performancecost/test_suite_3_9.py::test_review_point
2.49s call     performancecost/test_suite_3_11.py::test_review_point
2.16s call     performancecost/test_suite_3_7.py::test_review_point
2.16s call     reliabilityresilience/test_suite_2_5.py::test_review_point
1.76s call     securitycompliance/test_suite_1_24.py::test_review_point
1.75s call     opsefficiency/test_suite_4_5.py::test_review_point
1.69s call     performancecost/test_suite_3_8.py::test_review_point
1.34s call     securitycompliance/test_suite_1_8.py::test_review_point
1.09s call     opsefficiency/test_suite_4_2.py::test_review_point
1.06s call     reliabilityresilience/test_suite_2_3.py::test_review_point
1.01s call     securitycompliance/test_suite_1_9.py::test_review_point
0.92s call     securitycompliance/test_suite_1_14.py::test_review_point
0.91s call     securitycompliance/test_suite_1_15.py::test_review_point
0.88s call     reliabilityresilience/test_suite_2_16.py::test_review_point
0.81s call     securitycompliance/test_suite_1_1.py::test_review_point
0.79s call     securitycompliance/test_suite_1_22.py::test_review_point
0.78s call     reliabilityresilience/test_suite_2_10.py::test_review_point
0.75s call     securitycompliance/test_suite_1_17.py::test_review_point
0.72s call     securitycompliance/test_suite_1_16.py::test_review_point
0.72s call     securitycompliance/test_suite_1_4.py::test_review_point
0.71s call     securitycompliance/test_suite_1_20.py::test_review_point
0.71s call     securitycompliance/test_suite_1_23.py::test_review_point
0.70s call     securitycompliance/test_suite_1_2.py::test_review_point
0.67s call     securitycompliance/test_suite_1_7.py::test_review_point
0.66s call     reliabilityresilience/test_suite_2_9.py::test_review_point
0.66s call     securitycompliance/test_suite_1_3.py::test_review_point
0.64s call     securitycompliance/test_suite_1_33.py::test_review_point
0.62s call     securitycompliance/test_suite_1_13.py::test_review_point
0.62s call     securitycompliance/test_suite_1_21.py::test_review_point
0.59s call     securitycompliance/test_suite_1_32.py::test_review_point
0.25s call     securitycompliance/test_suite_1_5.py::test_review_point
0.13s call     securitycompliance/test_suite_1_25.py::test_review_point

(132 durations < 0.005s hidden.  Use -vv to show these durations.)
==================================== 66 passed in 1480.94s (0:24:40) ====================================
